// Jest Snapshot v1, https://goo.gl/fbAQLP

exports[`no-transform noRecursion 1`] = `
"function noRecursion(a) {
  return func(a);
}"
`;

exports[`no-transform notTail 1`] = `
"function notTail(a) {
  const c = notTail(a);
  return c;
}"
`;

exports[`no-transform shadowing 1`] = `
"function shadowing(a, b) {
  function shadowing(a) {
    return a + 2;
  }
  {
    if (a < b) return a;
    return shadowing(b);
  }
}"
`;
